PASS world_graph: Tools/validate_soul_world_overmap.py
PASS runtime_import: Tools/validate_soul_overmap_runtime_import.py
PASS settlement_slots: Tools/validate_soul_overmap_settlement_slots.py
PASS directed_approaches: Tools/validate_soul_overmap_approach_profiles.py
PASS campaign_start_state: Tools/validate_soul_campaign_start_states.py
PASS battle_handoff_build: Tools/build_soul_overmap_battle_handoff.py
PASS battle_handoff_validation: Tools/validate_soul_overmap_battle_handoff.py
PASS founder_campaign_stress: Tools/analyze_soul_founder_campaign_stress.py
PASS founder_campaign_stress_validation: Tools/validate_soul_founder_campaign_stress.py
PASS founder_assault_stress: Tools/stress_soul_founder_assault_balance.py
PASS founder_assault_stress_validation: Tools/validate_soul_founder_assault_balance.py
PASS founder_reaction_window_analysis: Tools/analyze_soul_founder_reaction_windows.py
PASS founder_reaction_window_validation: Tools/validate_soul_founder_reaction_windows.py
PASS founder_traversal: Tools/simulate_soul_founder_overmap.py
PASS settlement_coverage: Tools/analyze_soul_overmap_settlement_coverage.py
PASS battlefield_fidelity: Tools/analyze_soul_overmap_battlefield_coverage.py
PASS opening_pressure: Tools/analyze_soul_campaign_openings.py
PASS visual_anchor_build: Tools/build_soul_overmap_visual_anchors.py
PASS visual_anchor_validation: Tools/validate_soul_overmap_visual_anchors.py
PASS route_visual_build: Tools/build_soul_overmap_route_visual_cues.py
PASS route_visual_validation: Tools/validate_soul_overmap_route_visual_cues.py
PASS integrated_bundle_build: Tools/build_soul_overmap_integrated_import.py
PASS integrated_bundle_validation: Tools/validate_soul_overmap_integrated_import.py
PASS founder_presentation_build: Tools/build_soul_founder_presentation_import.py
PASS founder_presentation_validation: Tools/validate_soul_founder_presentation_import.py
PASS founder_presentation_geometry: Tools/analyze_soul_founder_presentation_geometry.py
PASS founder_state_vectors_build: Tools/build_soul_founder_presentation_state_vectors.py
PASS founder_state_vectors_validation: Tools/validate_soul_founder_presentation_state_vectors.py
PASS founder_ue_staging_export: Tools/export_soul_founder_ue_staging.py
PASS founder_ue_staging_validation: Tools/validate_soul_founder_ue_staging.py
PASS founder_import_bundle_v2_build: Tools/build_soul_founder_import_bundle_v2.py
PASS founder_import_bundle_v2_validation: Tools/validate_soul_founder_import_bundle_v2.py
PASS ue_acceptance_fixtures_build: Tools/build_soul_overmap_ue_acceptance_fixtures.py
PASS ue_acceptance_fixtures_validation: Tools/validate_soul_overmap_ue_acceptance_fixtures.py
PASS founder_structural_stage_static_validation: Tools/validate_soul_founder_overmap_structural_stage.py
PASS battlefield_environment_expansion_build: Tools/build_soul_battlefield_environment_expansion.py
PASS battlefield_environment_expansion_validation: Tools/validate_soul_battlefield_environment_expansion.py
PASS overmap_preview_build: Tools/build_soul_overmap_preview_bundle.py
PASS overmap_preview_validation: Tools/validate_soul_overmap_preview_bundle.py
PASS founder_state_preview_build: Tools/build_soul_founder_state_preview.py
PASS founder_state_preview_validation: Tools/validate_soul_founder_state_preview.py
{
  "status": "pass",
  "steps_total": 41,
  "steps_passed": 41,
  "steps_failed": 0,
  "evidence": "D:\\RefinedBadger\\Worktrees\\Soul-pro-vertical-20260925\\Evidence\\WorldOvermap\\nonue_acceptance_manifest.json"
}
