Log started at 09/25/2026 22:21:48 (2026-09-26T04:21:48Z)
Resolved project argument D:\RefinedBadger\Worktrees\Soul-pro-vertical-20260925\Soul.uproject to D:\RefinedBadger\Worktrees\Soul-pro-vertical-20260925\Soul.uproject
No config file at C:\ProgramData\Unreal Engine\UnrealBuildTool\BuildConfiguration.xml
No config file at C:\Users\Jeff\AppData\Local\Unreal Engine\UnrealBuildTool\BuildConfiguration.xml
No config file at C:\Users\Jeff\Documents\Unreal Engine\UnrealBuildTool\BuildConfiguration.xml
Configuration will be read from:
  C:\Users\Jeff\AppData\Roaming\Unreal Engine\UnrealBuildTool\BuildConfiguration.xml
Reading configuration file from cache (D:\RefinedBadger\Worktrees\Soul-pro-vertical-20260925\Intermediate\Build\XmlConfigCache.bin): C:\Users\Jeff\AppData\Roaming\Unreal Engine\UnrealBuildTool\BuildConfiguration.xml
Reading configuration file from cache (D:\RefinedBadger\Worktrees\Soul-pro-vertical-20260925\Intermediate\Build\XmlConfigCache.bin): D:\RefinedBadger\Worktrees\Soul-pro-vertical-20260925\Saved\UnrealBuildTool\BuildConfiguration.xml
Reading configuration file from cache (D:\RefinedBadger\Worktrees\Soul-pro-vertical-20260925\Intermediate\Build\XmlConfigCache.bin): C:\Users\Jeff\AppData\Local\UnrealEngine\Intermediate\Build\UnrealBuildTool.Env.BuildConfiguration.xml
Log file: D:\RefinedBadger\Worktrees\Soul-pro-vertical-20260925\Evidence\vertical_build_combat_camera.log

Setting temp directory to 'C:\Users\Jeff\AppData\Local\Temp\UnrealBuildTool\eb6d2d82'
    Registering build platform: UnrealBuildTool.AndroidPlatformFactory
    Registering build platform: UnrealBuildTool.IOSPlatformFactory
    Registering build platform: UnrealBuildTool.LinuxPlatformFactory
    Registering build platform: UnrealBuildTool.MacPlatformFactory
    Registering build platform: UnrealBuildTool.TVOSPlatformFactory
    Registering build platform: UnrealBuildTool.WindowsPlatformFactory
Found Windows 10 SDK root at C:\Program Files (x86)\Windows Kits\10 (1)
Found Windows 10 SDK root at C:\Program Files (x86)\Windows Kits\10 (2)
Found Windows 10 SDK version 10.0.22621.0 at C:\Program Files (x86)\Windows Kits\10
Found Universal CRT version 10.0.22621.0 at C:\Program Files (x86)\Windows Kits\10
Win64 Installed SDK(s): MinVersion_Sdk=10.0.19041.0, MaxVersion_Sdk=10.9.99999.0, CurrentVersion_Sdk=10.0.22621.0, Version_AutoSdk=10.0.22621.0, CurrentVersion_AutoSdk=
        Registering build platform: Win64 - buildable: True
    Registering build platform: UnrealBuildTool.VisionOSPlatformFactory
Command line: "C:\Program Files\Epic Games\UE_5.8\Engine\Binaries\DotNET\UnrealBuildTool\UnrealBuildTool.dll" SoulEditor Win64 Development -Project=D:\RefinedBadger\Worktrees\Soul-pro-vertical-20260925\Soul.uproject -WaitMutex -NoHotReloadFromIDE -MaxParallelActions=2 -NoUBA -Log=D:\RefinedBadger\Worktrees\Soul-pro-vertical-20260925\Evidence\vertical_build_combat_camera.log
Executing up to 2 actions based on MaxProcessorCount override
Using 'git status' to determine working set for adaptive non-unity build (D:\RefinedBadger\Worktrees\Soul-pro-vertical-20260925).
UbaSessionServer - Disable remote execution (remote sessions will finish current processes)
Skipping C:\Program Files\Epic Games\UE_5.8\Engine\Intermediate\Build\BuildRules\UE5Rules.dll: File is installed
Skipping C:\Program Files\Epic Games\UE_5.8\Engine\Intermediate\Build\BuildRules\UE5ProgramRules.dll: File is installed
Building UnrealEditor - SoulEditor - Win64 - Development
Generated code is up to date.
Deleting outdated item: D:\RefinedBadger\Worktrees\Soul-pro-vertical-20260925\Binaries\Win64\UnrealEditor-SoulRealtimeBattle.pdb
Deleting outdated item: D:\RefinedBadger\Worktrees\Soul-pro-vertical-20260925\Intermediate\Build\Win64\x64\UnrealEditor\Development\SoulRealtimeBattle\UnrealEditor-SoulRealtimeBattle.lib
Building SoulEditor...
===== Toolchain Information =====
Using ISPC compiler (C:\Program Files\Epic Games\UE_5.8\Engine\Source\ThirdParty\Intel\ISPC\bin\Windows\ispc.exe)
  Intel(r) Implicit SPMD Program Compiler (Intel(r) ISPC), 1.24.0 (build commit  @ 20250404, LLVM 18.1.2) 
Using Visual Studio 14.44.35228 toolchain (C:\BuildTools\VC\Tools\MSVC\14.44.35207) and Windows 10.0.22621.0 SDK (C:\Program Files (x86)\Windows Kits\10).
[Adaptive Build] Excluded from SoulRealtimeBattle unity file: SoulRealtimeBattleArena.cpp, SoulRealtimeBattlePBIL.cpp, SoulVerticalAnimationCompatibilityTests.cpp, SoulVerticalReinforcementTests.cpp
[Adaptive Build] Excluded from Soul unity file: SoulFounderPlaytestCampaignActor.cpp, SoulFounderPlaytestGameMode.cpp, SoulFounderPlaytestHUD.cpp, SoulFounderPlaytestPlayerController.cpp, SoulFounderPlaytestStateSubsystem.cpp, SoulPlaytestRegionActor.cpp, SoulVerticalCampaignTests.cpp
[Adaptive Build] Excluded from SoulCore unity file: SoulCampaignBattleBridge.cpp
[Adaptive Build] Excluded from RBPBIL unity file: RBPBILInfluenceVolume.cpp, RBPBILTests.cpp
[Adaptive Build] Excluded from RBSave unity file: RBSaveCoordinator.cpp, RBSaveDomains.cpp, RBSaveSubsystem.cpp
=================================
Using Unreal Build Accelerator local executor to run 4 action(s)
  CPU 4 physical cores, 8 logical cores
  Memory 15.96 GB physical, 19.51 GB/40.37 GB committed
  UBA Storage capacity 40 GB
  UBA RootDir C:\ProgramData\Epic\UnrealBuildAccelerator
Cache bucket 2008116936 used. Action: Compile [x64] SoulRealtimeBattleArena.cpp ()
Cache bucket 416513229 used. Action: Link [x64] UnrealEditor-SoulRealtimeBattle.dll ()
All processes queued
[1/4] Compile [x64] SoulRealtimeBattleArena.cpp [NoUba]
[2/4] Link [x64] UnrealEditor-SoulRealtimeBattle.lib [NoUba]
[3/4] Link [x64] UnrealEditor-SoulRealtimeBattle.dll [NoUba]
[4/4] WriteMetadata SoulEditor.target [NoUba]

Total time in Unreal Build Accelerator local executor: 34.38 seconds
Output binary: C:\Program Files\Epic Games\UE_5.8\Engine\Binaries\Win64\UnrealEditor.exe
WriteFileIfChanged() wrote 0 changed files of 1 requested writes.

Timeline:
[  0.000]  +0.493 Main
   0.024          [  0.024]  +0.118 Apply XmlConfig
   0.153          [  0.153]  +0.083 AddTelemetry
   0.265          [  0.264]  +0.228 RegisterPlatforms
[  0.523]  +0.051 ParseCommandLine
[  0.574]  +0.314 <unknown>
[  0.888]  +0.085 EngineRulesPlugins
   0.888          [  0.000]  +0.592 LoadMakefile
   0.980             0.091          [  0.091]  +0.014 EngineRulesFetchDirs
   1.005             0.116          [  0.116]  +0.015 EngineRulesAssembly
   1.020             0.131          [  0.131]  +0.002 ProgramRulesAssembly
   1.030             0.141          [  0.141]  +0.188 ProjectRulesAssembly
   1.219             0.330          [  0.330]  +0.323 CreateTargetRules
[  0.974]  +0.603 <unknown>
[  1.578]  +0.000 GitWait
[  1.629]  +0.009 CppDependencyCache
[  1.692]  +0.123 SoulEditor Win64 Development
[  1.816]  +0.038 UHTWait
   1.818          [  0.001]  +0.034 UHTManifest
   1.853          [  0.036]  +0.023 UHTTimestamps
[  1.896]  +0.038 CppDependencyCache
[  1.934]  +0.138 Preparing ActionGraph
   1.950          [  0.015]  +0.008 LinkActions
   1.957             0.023          [  0.007]  +0.000 DetectActionGraphCycles
   1.959          [  0.024]  +0.000 GatherPrerequisiteActions
   1.961          [  0.026]  +0.000 CppDependencyCacheWait
   1.961          [  0.027]  +0.084 GatherOutdatedActions
   2.050          [  0.115]  +0.011 LinkActions
   2.050             0.115          [  0.000]  +0.000 DetectActionGraphCycles
   2.062          [  0.128]  +0.007 DeleteOutdatedProducedItems
   2.070          [  0.135]  +0.001 SaveActionHistory
   2.072          [  0.137]  +0.000 CreateDirectoriesForProducedItems
[  2.091]  +0.113 GarbageCollect
[  2.204] +34.265 <unknown>
[ 36.470]  +0.000 Deploying targets
[ 36.473]  +0.000 DisconnectCache
[ 36.487]  +0.001 SaveCasTable
[ 36.492]  +0.070 Saving caches
[ 36.564]  +0.004 TelemetryService.FlushEvents
[ 36.569]

Result: Succeeded
Total execution time: 36.57 seconds
