Log started at 10/05/2026 11:59:40 (2026-10-05T17:59:40Z)
Resolved project argument D:\RefinedBadger\Worktrees\Soul-titan-pilot-20261005\Soul.uproject to D:\RefinedBadger\Worktrees\Soul-titan-pilot-20261005\Soul.uproject
No config file at C:\ProgramData\Unreal Engine\UnrealBuildTool\BuildConfiguration.xml
No config file at C:\Users\Jeff\AppData\Local\Unreal Engine\UnrealBuildTool\BuildConfiguration.xml
No config file at C:\Users\Jeff\Documents\Unreal Engine\UnrealBuildTool\BuildConfiguration.xml
Configuration will be read from:
  C:\Users\Jeff\AppData\Roaming\Unreal Engine\UnrealBuildTool\BuildConfiguration.xml
Reading configuration file from cache (D:\RefinedBadger\Worktrees\Soul-titan-pilot-20261005\Intermediate\Build\XmlConfigCache.bin): C:\Users\Jeff\AppData\Roaming\Unreal Engine\UnrealBuildTool\BuildConfiguration.xml
Reading configuration file from cache (D:\RefinedBadger\Worktrees\Soul-titan-pilot-20261005\Intermediate\Build\XmlConfigCache.bin): D:\RefinedBadger\Worktrees\Soul-titan-pilot-20261005\Saved\UnrealBuildTool\BuildConfiguration.xml
Reading configuration file from cache (D:\RefinedBadger\Worktrees\Soul-titan-pilot-20261005\Intermediate\Build\XmlConfigCache.bin): C:\Users\Jeff\AppData\Local\UnrealEngine\Intermediate\Build\UnrealBuildTool.Env.BuildConfiguration.xml
Log file: D:\RefinedBadger\Worktrees\Soul-titan-pilot-20261005\Evidence\TitanPilot-20261005\BuildEditor.log
Deleting old log file: D:\RefinedBadger\Worktrees\Soul-titan-pilot-20261005\Evidence\TitanPilot-20261005\BuildEditor-backup-2026.10.05-17.07.51.log
Deleting old log file: D:\RefinedBadger\Worktrees\Soul-titan-pilot-20261005\Evidence\TitanPilot-20261005\BuildEditor-backup-2026.10.05-17.07.51.json

Setting temp directory to 'C:\Users\Jeff\AppData\Local\Temp\UnrealBuildTool\eb6d2d82'
    Registering build platform: UnrealBuildTool.AndroidPlatformFactory
    Registering build platform: UnrealBuildTool.IOSPlatformFactory
    Registering build platform: UnrealBuildTool.LinuxPlatformFactory
    Registering build platform: UnrealBuildTool.MacPlatformFactory
    Registering build platform: UnrealBuildTool.TVOSPlatformFactory
    Registering build platform: UnrealBuildTool.WindowsPlatformFactory
Found Windows 10 SDK root at C:\Program Files (x86)\Windows Kits\10 (1)
Found Windows 10 SDK root at C:\Program Files (x86)\Windows Kits\10 (2)
Found Windows 10 SDK version 10.0.22621.0 at C:\Program Files (x86)\Windows Kits\10
Found Universal CRT version 10.0.22621.0 at C:\Program Files (x86)\Windows Kits\10
Win64 Installed SDK(s): MinVersion_Sdk=10.0.19041.0, MaxVersion_Sdk=10.9.99999.0, CurrentVersion_Sdk=10.0.22621.0, Version_AutoSdk=10.0.22621.0, CurrentVersion_AutoSdk=
        Registering build platform: Win64 - buildable: True
    Registering build platform: UnrealBuildTool.VisionOSPlatformFactory
Command line: "C:\Program Files\Epic Games\UE_5.8\Engine\Binaries\DotNET\UnrealBuildTool\UnrealBuildTool.dll" SoulEditor Win64 Development -Project=D:\RefinedBadger\Worktrees\Soul-titan-pilot-20261005\Soul.uproject -WaitMutex -NoHotReloadFromIDE -NoUBA -MaxParallelActions=2 -Log=D:\RefinedBadger\Worktrees\Soul-titan-pilot-20261005\Evidence\TitanPilot-20261005\BuildEditor.log
Executing up to 2 actions based on MaxProcessorCount override
Using 'git status' to determine working set for adaptive non-unity build (D:\RefinedBadger\Worktrees\Soul-titan-pilot-20261005).
UbaSessionServer - Disable remote execution (remote sessions will finish current processes)
Skipping C:\Program Files\Epic Games\UE_5.8\Engine\Intermediate\Build\BuildRules\UE5Rules.dll: File is installed
Skipping C:\Program Files\Epic Games\UE_5.8\Engine\Intermediate\Build\BuildRules\UE5ProgramRules.dll: File is installed
Building UnrealEditor - SoulEditor - Win64 - Development
Generated code is up to date.
Deleting outdated item: D:\RefinedBadger\Worktrees\Soul-titan-pilot-20261005\Binaries\Win64\UnrealEditor-Soul.pdb
Deleting outdated item: D:\RefinedBadger\Worktrees\Soul-titan-pilot-20261005\Intermediate\Build\Win64\x64\UnrealEditor\Development\Soul\UnrealEditor-Soul.lib
Building SoulEditor...
===== Toolchain Information =====
Using ISPC compiler (C:\Program Files\Epic Games\UE_5.8\Engine\Source\ThirdParty\Intel\ISPC\bin\Windows\ispc.exe)
  Intel(r) Implicit SPMD Program Compiler (Intel(r) ISPC), 1.24.0 (build commit  @ 20250404, LLVM 18.1.2) 
Using Visual Studio 14.44.35228 toolchain (C:\BuildTools\VC\Tools\MSVC\14.44.35207) and Windows 10.0.22621.0 SDK (C:\Program Files (x86)\Windows Kits\10).
[Adaptive Build] Excluded from Soul unity file: SoulTitanPilot.cpp
[Adaptive Build] Excluded from SoulEditor unity file: SoulTitanPilotBuildCommandlet.cpp
=================================
Using Unreal Build Accelerator local executor to run 4 action(s)
  CPU 4 physical cores, 8 logical cores
  Memory 15.96 GB physical, 18.94 GB/40.37 GB committed
  UBA Storage capacity 40 GB
  UBA RootDir C:\ProgramData\Epic\UnrealBuildAccelerator
Cache bucket 3219070584 used. Action: Compile [x64] SoulTitanPilot.cpp ()
Cache bucket 416513229 used. Action: Link [x64] UnrealEditor-Soul.dll ()
All processes queued
[1/4] Compile [x64] SoulTitanPilot.cpp [NoUba]
[2/4] Link [x64] UnrealEditor-Soul.lib [NoUba]
[3/4] Link [x64] UnrealEditor-Soul.dll [NoUba]
[4/4] WriteMetadata SoulEditor.target [NoUba]

Total time in Unreal Build Accelerator local executor: 19.38 seconds
Output binary: C:\Program Files\Epic Games\UE_5.8\Engine\Binaries\Win64\UnrealEditor.exe
WriteFileIfChanged() wrote 0 changed files of 1 requested writes.

Timeline:
[  0.000]  +0.520 Main
   0.020          [  0.020]  +0.112 Apply XmlConfig
   0.145          [  0.145]  +0.087 AddTelemetry
   0.255          [  0.255]  +0.265 RegisterPlatforms
[  0.557]  +0.043 ParseCommandLine
[  0.680]  +0.504 LoadMakefile
   0.718          [  0.038]  +0.064 EngineRulesPlugins
   0.787          [  0.106]  +0.009 EngineRulesFetchDirs
   0.806          [  0.125]  +0.012 EngineRulesAssembly
   0.819          [  0.138]  +0.001 ProgramRulesAssembly
   0.825          [  0.145]  +0.008 ProjectRulesAssembly
   0.834          [  0.153]  +0.376 CreateTargetRules
   0.834             0.153          [  0.000]  +0.353 <unknown>
   1.187             0.506          [  0.353]  +0.000 FindPlugins
[  1.213]  +0.042 MakefileValid
   1.255          [  0.042]  +0.000 GitWait
[  1.322]  +0.009 CppDependencyCache
[  1.347]  +0.099 SoulEditor Win64 Development
[  1.448]  +0.030 UHTWait
   1.449          [  0.001]  +0.026 UHTManifest
   1.477          [  0.029]  +0.028 UHTTimestamps
[  1.517]  +0.003 CppDependencyCache
[  1.521]  +0.106 Preparing ActionGraph
   1.538          [  0.017]  +0.008 LinkActions
   1.546             0.025          [  0.007]  +0.000 DetectActionGraphCycles
   1.548          [  0.026]  +0.000 GatherPrerequisiteActions
   1.550          [  0.029]  +0.000 CppDependencyCacheWait
   1.551          [  0.030]  +0.050 GatherOutdatedActions
   1.606          [  0.085]  +0.010 LinkActions
   1.606             0.085          [  0.000]  +0.000 DetectActionGraphCycles
   1.618          [  0.097]  +0.007 DeleteOutdatedProducedItems
   1.625          [  0.104]  +0.001 SaveActionHistory
   1.627          [  0.106]  +0.000 CreateDirectoriesForProducedItems
[  1.646]  +0.106 GarbageCollect
[  1.752] +19.280 <unknown>
[ 21.032]  +0.000 Deploying targets
[ 21.034]  +0.000 DisconnectCache
[ 21.044]  +0.001 SaveCasTable
[ 21.049]  +0.071 Saving caches
[ 21.122]  +0.004 TelemetryService.FlushEvents
[ 21.128]

Result: Succeeded
Total execution time: 21.13 seconds
