Log started at 10/05/2026 11:08:16 (2026-10-05T17:08:16Z)
Resolved project argument D:\RefinedBadger\Worktrees\Soul-titan-pilot-20261005\Soul.uproject to D:\RefinedBadger\Worktrees\Soul-titan-pilot-20261005\Soul.uproject
No config file at C:\ProgramData\Unreal Engine\UnrealBuildTool\BuildConfiguration.xml
No config file at C:\Users\Jeff\AppData\Local\Unreal Engine\UnrealBuildTool\BuildConfiguration.xml
No config file at C:\Users\Jeff\Documents\Unreal Engine\UnrealBuildTool\BuildConfiguration.xml
Configuration will be read from:
  C:\Users\Jeff\AppData\Roaming\Unreal Engine\UnrealBuildTool\BuildConfiguration.xml
Reading configuration file from cache (D:\RefinedBadger\Worktrees\Soul-titan-pilot-20261005\Intermediate\Build\XmlConfigCache.bin): C:\Users\Jeff\AppData\Roaming\Unreal Engine\UnrealBuildTool\BuildConfiguration.xml
Reading configuration file from cache (D:\RefinedBadger\Worktrees\Soul-titan-pilot-20261005\Intermediate\Build\XmlConfigCache.bin): D:\RefinedBadger\Worktrees\Soul-titan-pilot-20261005\Saved\UnrealBuildTool\BuildConfiguration.xml
Reading configuration file from cache (D:\RefinedBadger\Worktrees\Soul-titan-pilot-20261005\Intermediate\Build\XmlConfigCache.bin): C:\Users\Jeff\AppData\Local\UnrealEngine\Intermediate\Build\UnrealBuildTool.Env.BuildConfiguration.xml
Log file: D:\RefinedBadger\Worktrees\Soul-titan-pilot-20261005\Evidence\TitanPilot-20261005\BuildEditor.log

Setting temp directory to 'C:\Users\Jeff\AppData\Local\Temp\UnrealBuildTool\eb6d2d82'
    Registering build platform: UnrealBuildTool.AndroidPlatformFactory
    Registering build platform: UnrealBuildTool.IOSPlatformFactory
    Registering build platform: UnrealBuildTool.LinuxPlatformFactory
    Registering build platform: UnrealBuildTool.MacPlatformFactory
    Registering build platform: UnrealBuildTool.TVOSPlatformFactory
    Registering build platform: UnrealBuildTool.WindowsPlatformFactory
Found Windows 10 SDK root at C:\Program Files (x86)\Windows Kits\10 (1)
Found Windows 10 SDK root at C:\Program Files (x86)\Windows Kits\10 (2)
Found Windows 10 SDK version 10.0.22621.0 at C:\Program Files (x86)\Windows Kits\10
Found Universal CRT version 10.0.22621.0 at C:\Program Files (x86)\Windows Kits\10
Win64 Installed SDK(s): MinVersion_Sdk=10.0.19041.0, MaxVersion_Sdk=10.9.99999.0, CurrentVersion_Sdk=10.0.22621.0, Version_AutoSdk=10.0.22621.0, CurrentVersion_AutoSdk=
        Registering build platform: Win64 - buildable: True
    Registering build platform: UnrealBuildTool.VisionOSPlatformFactory
Command line: "C:\Program Files\Epic Games\UE_5.8\Engine\Binaries\DotNET\UnrealBuildTool\UnrealBuildTool.dll" SoulEditor Win64 Development -Project=D:\RefinedBadger\Worktrees\Soul-titan-pilot-20261005\Soul.uproject -WaitMutex -NoHotReloadFromIDE -NoUBA -MaxParallelActions=2 -Log=D:\RefinedBadger\Worktrees\Soul-titan-pilot-20261005\Evidence\TitanPilot-20261005\BuildEditor.log
Executing up to 2 actions based on MaxProcessorCount override
Using 'git status' to determine working set for adaptive non-unity build (D:\RefinedBadger\Worktrees\Soul-titan-pilot-20261005).
UbaSessionServer - Disable remote execution (remote sessions will finish current processes)
Skipping C:\Program Files\Epic Games\UE_5.8\Engine\Intermediate\Build\BuildRules\UE5Rules.dll: File is installed
Skipping C:\Program Files\Epic Games\UE_5.8\Engine\Intermediate\Build\BuildRules\UE5ProgramRules.dll: File is installed
Building UnrealEditor - SoulEditor - Win64 - Development
Generated code is up to date.
Building SoulEditor...
===== Toolchain Information =====
Using ISPC compiler (C:\Program Files\Epic Games\UE_5.8\Engine\Source\ThirdParty\Intel\ISPC\bin\Windows\ispc.exe)
  Intel(r) Implicit SPMD Program Compiler (Intel(r) ISPC), 1.24.0 (build commit  @ 20250404, LLVM 18.1.2) 
Using Visual Studio 14.44.35228 toolchain (C:\BuildTools\VC\Tools\MSVC\14.44.35207) and Windows 10.0.22621.0 SDK (C:\Program Files (x86)\Windows Kits\10).
[Adaptive Build] Excluded from SoulEditor unity file: SoulTitanAuditCommandlet.cpp, SoulTitanPilotBuildCommandlet.cpp
[Adaptive Build] Excluded from Soul unity file: SoulTitanPilot.cpp
=================================
Using Unreal Build Accelerator local executor to run 4 action(s)
  CPU 4 physical cores, 8 logical cores
  Memory 15.96 GB physical, 18.23 GB/40.37 GB committed
  UBA Storage capacity 40 GB
  UBA RootDir C:\ProgramData\Epic\UnrealBuildAccelerator
Cache bucket 4134325563 used. Action: Compile [x64] SoulTitanPilotBuildCommandlet.cpp ()
Cache bucket 416513229 used. Action: Link [x64] UnrealEditor-SoulEditor.dll ()
All processes queued
[1/4] Compile [x64] SoulTitanPilotBuildCommandlet.cpp [NoUba]
[2/4] Link [x64] UnrealEditor-SoulEditor.lib [NoUba]
[3/4] Link [x64] UnrealEditor-SoulEditor.dll [NoUba]
[4/4] WriteMetadata SoulEditor.target [NoUba]

Total time in Unreal Build Accelerator local executor: 10.90 seconds
Output binary: C:\Program Files\Epic Games\UE_5.8\Engine\Binaries\Win64\UnrealEditor.exe
WriteFileIfChanged() wrote 0 changed files of 1 requested writes.

Timeline:
[  0.000]  +0.520 Main
   0.018          [  0.017]  +0.114 Apply XmlConfig
   0.142          [  0.142]  +0.084 AddTelemetry
   0.254          [  0.253]  +0.266 RegisterPlatforms
[  0.547]  +0.030 ParseCommandLine
[  0.662]  +0.214 LoadMakefile
   0.715          [  0.052]  +0.063 EngineRulesPlugins
   0.784          [  0.122]  +0.012 EngineRulesFetchDirs
   0.806          [  0.144]  +0.012 EngineRulesAssembly
   0.819          [  0.156]  +0.001 ProgramRulesAssembly
   0.826          [  0.164]  +0.011 ProjectRulesAssembly
   0.838          [  0.175]  +0.290 CreateTargetRules
   0.886             0.223          [  0.048]  +0.000 FindPlugins
   0.907             0.244          [  0.069]  +0.051 MakefileValid
[  0.877]  +0.375 <unknown>
[  1.253]  +0.009 CppDependencyCache
[  1.280]  +0.096 SoulEditor Win64 Development
[  1.378]  +0.033 UHTWait
   1.381          [  0.003]  +0.028 UHTManifest
   1.409          [  0.031]  +0.023 UHTTimestamps
[  1.450]  +0.003 CppDependencyCache
[  1.453]  +0.092 Preparing ActionGraph
   1.469          [  0.015]  +0.008 LinkActions
   1.477             0.023          [  0.007]  +0.000 DetectActionGraphCycles
   1.478          [  0.025]  +0.000 GatherPrerequisiteActions
   1.481          [  0.027]  +0.000 CppDependencyCacheWait
   1.482          [  0.028]  +0.044 GatherOutdatedActions
   1.530          [  0.076]  +0.012 LinkActions
   1.530             0.076          [  0.000]  +0.000 DetectActionGraphCycles
   1.543          [  0.089]  +0.000 DeleteOutdatedProducedItems
   1.544          [  0.090]  +0.001 SaveActionHistory
   1.546          [  0.092]  +0.000 CreateDirectoriesForProducedItems
[  1.564]  +0.101 GarbageCollect
[  1.666] +10.802 <unknown>
[ 12.468]  +0.000 Deploying targets
[ 12.470]  +0.000 DisconnectCache
[ 12.480]  +0.001 SaveCasTable
[ 12.485]  +0.065 Saving caches
[ 12.551]  +0.004 TelemetryService.FlushEvents
[ 12.556]

Result: Succeeded
Total execution time: 12.56 seconds
