Log started at 10/05/2026 11:26:29 (2026-10-05T17:26:29Z)
Resolved project argument D:\RefinedBadger\Worktrees\Soul-titan-pilot-20261005\Soul.uproject to D:\RefinedBadger\Worktrees\Soul-titan-pilot-20261005\Soul.uproject
No config file at C:\ProgramData\Unreal Engine\UnrealBuildTool\BuildConfiguration.xml
No config file at C:\Users\Jeff\AppData\Local\Unreal Engine\UnrealBuildTool\BuildConfiguration.xml
No config file at C:\Users\Jeff\Documents\Unreal Engine\UnrealBuildTool\BuildConfiguration.xml
Configuration will be read from:
  C:\Users\Jeff\AppData\Roaming\Unreal Engine\UnrealBuildTool\BuildConfiguration.xml
Reading configuration file from cache (D:\RefinedBadger\Worktrees\Soul-titan-pilot-20261005\Intermediate\Build\XmlConfigCache.bin): C:\Users\Jeff\AppData\Roaming\Unreal Engine\UnrealBuildTool\BuildConfiguration.xml
Reading configuration file from cache (D:\RefinedBadger\Worktrees\Soul-titan-pilot-20261005\Intermediate\Build\XmlConfigCache.bin): D:\RefinedBadger\Worktrees\Soul-titan-pilot-20261005\Saved\UnrealBuildTool\BuildConfiguration.xml
Reading configuration file from cache (D:\RefinedBadger\Worktrees\Soul-titan-pilot-20261005\Intermediate\Build\XmlConfigCache.bin): C:\Users\Jeff\AppData\Local\UnrealEngine\Intermediate\Build\UnrealBuildTool.Env.BuildConfiguration.xml
Log file: D:\RefinedBadger\Worktrees\Soul-titan-pilot-20261005\Evidence\TitanPilot-20261005\BuildEditor.log

Setting temp directory to 'C:\Users\Jeff\AppData\Local\Temp\UnrealBuildTool\eb6d2d82'
    Registering build platform: UnrealBuildTool.AndroidPlatformFactory
    Registering build platform: UnrealBuildTool.IOSPlatformFactory
    Registering build platform: UnrealBuildTool.LinuxPlatformFactory
    Registering build platform: UnrealBuildTool.MacPlatformFactory
    Registering build platform: UnrealBuildTool.TVOSPlatformFactory
    Registering build platform: UnrealBuildTool.WindowsPlatformFactory
Found Windows 10 SDK root at C:\Program Files (x86)\Windows Kits\10 (1)
Found Windows 10 SDK root at C:\Program Files (x86)\Windows Kits\10 (2)
Found Windows 10 SDK version 10.0.22621.0 at C:\Program Files (x86)\Windows Kits\10
Found Universal CRT version 10.0.22621.0 at C:\Program Files (x86)\Windows Kits\10
Win64 Installed SDK(s): MinVersion_Sdk=10.0.19041.0, MaxVersion_Sdk=10.9.99999.0, CurrentVersion_Sdk=10.0.22621.0, Version_AutoSdk=10.0.22621.0, CurrentVersion_AutoSdk=
        Registering build platform: Win64 - buildable: True
    Registering build platform: UnrealBuildTool.VisionOSPlatformFactory
Command line: "C:\Program Files\Epic Games\UE_5.8\Engine\Binaries\DotNET\UnrealBuildTool\UnrealBuildTool.dll" SoulEditor Win64 Development -Project=D:\RefinedBadger\Worktrees\Soul-titan-pilot-20261005\Soul.uproject -WaitMutex -NoHotReloadFromIDE -NoUBA -MaxParallelActions=2 -Log=D:\RefinedBadger\Worktrees\Soul-titan-pilot-20261005\Evidence\TitanPilot-20261005\BuildEditor.log
Executing up to 2 actions based on MaxProcessorCount override
Using 'git status' to determine working set for adaptive non-unity build (D:\RefinedBadger\Worktrees\Soul-titan-pilot-20261005).
UbaSessionServer - Disable remote execution (remote sessions will finish current processes)
Skipping C:\Program Files\Epic Games\UE_5.8\Engine\Intermediate\Build\BuildRules\UE5Rules.dll: File is installed
Skipping C:\Program Files\Epic Games\UE_5.8\Engine\Intermediate\Build\BuildRules\UE5ProgramRules.dll: File is installed
Building UnrealEditor - SoulEditor - Win64 - Development
UnrealHeaderTool needs to run because SavedTimestamp is older than HeaderFileTimestamp (D:\RefinedBadger\Worktrees\Soul-titan-pilot-20261005\Source\Soul\Public\SoulTitanPilot.h) for module Soul
Parsing headers for SoulEditor
  Running Internal UnrealHeaderTool D:\RefinedBadger\Worktrees\Soul-titan-pilot-20261005\Soul.uproject D:\RefinedBadger\Worktrees\Soul-titan-pilot-20261005\Intermediate\Build\Win64\SoulEditor\SoulEditor.uhtmanifest -WarningsAsErrors -installed
UHT compiled-in object format Default
Step - Parse Headers
Reading engine version from file: C:\Program Files\Epic Games\UE_5.8\Engine\Source\Runtime\Launch\Resources\Version.h
Got engine version 5.8.3
Step - Populate symbol table
Step - Exports
       Exporter Stats skipped
       Exporter Json skipped
       Running exporter CodeGen
UHT processed SoulEditor in 4.8635509 seconds (0 generated files written)
Deleting outdated item: D:\RefinedBadger\Worktrees\Soul-titan-pilot-20261005\Intermediate\Build\Win64\x64\UnrealEditor\Development\Soul\UnrealEditor-Soul.lib
Deleting outdated item: D:\RefinedBadger\Worktrees\Soul-titan-pilot-20261005\Binaries\Win64\UnrealEditor-SoulEditor.pdb
Deleting outdated item: D:\RefinedBadger\Worktrees\Soul-titan-pilot-20261005\Intermediate\Build\Win64\x64\UnrealEditor\Development\SoulEditor\UnrealEditor-SoulEditor.lib
Deleting outdated item: D:\RefinedBadger\Worktrees\Soul-titan-pilot-20261005\Binaries\Win64\UnrealEditor-Soul.pdb
Building SoulEditor...
===== Toolchain Information =====
Using ISPC compiler (C:\Program Files\Epic Games\UE_5.8\Engine\Source\ThirdParty\Intel\ISPC\bin\Windows\ispc.exe)
  Intel(r) Implicit SPMD Program Compiler (Intel(r) ISPC), 1.24.0 (build commit  @ 20250404, LLVM 18.1.2) 
Using Visual Studio 14.44.35228 toolchain (C:\BuildTools\VC\Tools\MSVC\14.44.35207) and Windows 10.0.22621.0 SDK (C:\Program Files (x86)\Windows Kits\10).
[Adaptive Build] Excluded from Soul unity file: SoulTitanPilot.cpp
[Adaptive Build] Excluded from SoulEditor unity file: SoulTitanAuditCommandlet.cpp, SoulTitanPilotBuildCommandlet.cpp
=================================
Using Unreal Build Accelerator local executor to run 9 action(s)
  CPU 4 physical cores, 8 logical cores
  Memory 15.96 GB physical, 20 GB/40.37 GB committed
  UBA Storage capacity 40 GB
  UBA RootDir C:\ProgramData\Epic\UnrealBuildAccelerator
Cache bucket 3219070584 used. Action: Compile [x64] Module.Soul.cpp ()
Cache bucket 416513229 used. Action: Link [x64] UnrealEditor-Soul.lib ()
Cache bucket 4134325563 used. Action: Compile [x64] SoulTitanAuditCommandlet.cpp ()
All processes queued
[1/9] Compile [x64] SoulTitanPilot.cpp [NoUba]
[2/9] Compile [x64] SoulTitanAuditCommandlet.cpp [NoUba]
[3/9] Compile [x64] Module.Soul.cpp [NoUba]
[4/9] Link [x64] UnrealEditor-Soul.lib [NoUba]
[5/9] Link [x64] UnrealEditor-Soul.dll [NoUba]
[6/9] Compile [x64] SoulTitanPilotBuildCommandlet.cpp [NoUba]
[7/9] Link [x64] UnrealEditor-SoulEditor.lib [NoUba]
[8/9] Link [x64] UnrealEditor-SoulEditor.dll [NoUba]
[9/9] WriteMetadata SoulEditor.target [NoUba]

Total time in Unreal Build Accelerator local executor: 136.02 seconds
Output binary: C:\Program Files\Epic Games\UE_5.8\Engine\Binaries\Win64\UnrealEditor.exe
WriteFileIfChanged() wrote 0 changed files of 1 requested writes.

Timeline:
[  0.000]  +0.595 Main
   0.021          [  0.021]  +0.137 Apply XmlConfig
   0.170          [  0.170]  +0.093 AddTelemetry
   0.291          [  0.291]  +0.304 RegisterPlatforms
[  0.633]  +0.077 ParseCommandLine
[  0.850]  +0.289 LoadMakefile
   0.903          [  0.052]  +0.089 EngineRulesPlugins
   0.997          [  0.146]  +0.014 EngineRulesFetchDirs
   1.025          [  0.174]  +0.014 EngineRulesAssembly
   1.039          [  0.188]  +0.002 ProgramRulesAssembly
   1.049          [  0.198]  +0.008 ProjectRulesAssembly
   1.057          [  0.207]  +0.342 CreateTargetRules
   1.143             0.292          [  0.085]  +0.000 FindPlugins
   1.159             0.309          [  0.101]  +0.078 MakefileValid
[  1.140]  +0.408 <unknown>
[  1.548]  +0.010 CppDependencyCache
[  1.575]  +0.202 SoulEditor Win64 Development
[  1.780]  +5.151 UHTWait
   1.782          [  0.002]  +0.273 UHTManifest
   2.056          [  0.276]  +4.870 UHT
   6.929          [  5.149]  +0.040 UHTTimestamps
[  6.977]  +0.003 CppDependencyCache
[  6.980]  +0.119 Preparing ActionGraph
   6.998          [  0.017]  +0.009 LinkActions
   7.007             0.026          [  0.008]  +0.000 DetectActionGraphCycles
   7.008          [  0.027]  +0.000 GatherPrerequisiteActions
   7.010          [  0.029]  +0.000 CppDependencyCacheWait
   7.011          [  0.030]  +0.061 GatherOutdatedActions
   7.076          [  0.095]  +0.005 LinkActions
   7.076             0.095          [  0.000]  +0.000 DetectActionGraphCycles
   7.083          [  0.102]  +0.014 DeleteOutdatedProducedItems
   7.097          [  0.116]  +0.001 SaveActionHistory
   7.100          [  0.119]  +0.000 CreateDirectoriesForProducedItems
[  7.120]  +0.342 GarbageCollect
[  7.462]+135.681 <unknown>
[143.144]  +0.000 Deploying targets
[143.147]  +0.000 DisconnectCache
[143.157]  +0.001 SaveCasTable
[143.163]  +0.076 Saving caches
[143.240]  +0.003 TelemetryService.FlushEvents
[143.246]

Result: Succeeded
Total execution time: 143.25 seconds
