Log started at 10/05/2026 11:53:28 (2026-10-05T17:53:28Z)
Resolved project argument D:\RefinedBadger\Worktrees\Soul-titan-pilot-20261005\Soul.uproject to D:\RefinedBadger\Worktrees\Soul-titan-pilot-20261005\Soul.uproject
No config file at C:\ProgramData\Unreal Engine\UnrealBuildTool\BuildConfiguration.xml
No config file at C:\Users\Jeff\AppData\Local\Unreal Engine\UnrealBuildTool\BuildConfiguration.xml
No config file at C:\Users\Jeff\Documents\Unreal Engine\UnrealBuildTool\BuildConfiguration.xml
Configuration will be read from:
  C:\Users\Jeff\AppData\Roaming\Unreal Engine\UnrealBuildTool\BuildConfiguration.xml
Reading configuration file from cache (D:\RefinedBadger\Worktrees\Soul-titan-pilot-20261005\Intermediate\Build\XmlConfigCache.bin): C:\Users\Jeff\AppData\Roaming\Unreal Engine\UnrealBuildTool\BuildConfiguration.xml
Reading configuration file from cache (D:\RefinedBadger\Worktrees\Soul-titan-pilot-20261005\Intermediate\Build\XmlConfigCache.bin): D:\RefinedBadger\Worktrees\Soul-titan-pilot-20261005\Saved\UnrealBuildTool\BuildConfiguration.xml
Reading configuration file from cache (D:\RefinedBadger\Worktrees\Soul-titan-pilot-20261005\Intermediate\Build\XmlConfigCache.bin): C:\Users\Jeff\AppData\Local\UnrealEngine\Intermediate\Build\UnrealBuildTool.Env.BuildConfiguration.xml
Log file: D:\RefinedBadger\Worktrees\Soul-titan-pilot-20261005\Evidence\TitanPilot-20261005\BuildEditor.log
Deleting old log file: D:\RefinedBadger\Worktrees\Soul-titan-pilot-20261005\Evidence\TitanPilot-20261005\BuildEditor-backup-2026.10.05-17.06.11.log
Deleting old log file: D:\RefinedBadger\Worktrees\Soul-titan-pilot-20261005\Evidence\TitanPilot-20261005\BuildEditor-backup-2026.10.05-17.06.11.json

Setting temp directory to 'C:\Users\Jeff\AppData\Local\Temp\UnrealBuildTool\eb6d2d82'
    Registering build platform: UnrealBuildTool.AndroidPlatformFactory
    Registering build platform: UnrealBuildTool.IOSPlatformFactory
    Registering build platform: UnrealBuildTool.LinuxPlatformFactory
    Registering build platform: UnrealBuildTool.MacPlatformFactory
    Registering build platform: UnrealBuildTool.TVOSPlatformFactory
    Registering build platform: UnrealBuildTool.WindowsPlatformFactory
Found Windows 10 SDK root at C:\Program Files (x86)\Windows Kits\10 (1)
Found Windows 10 SDK root at C:\Program Files (x86)\Windows Kits\10 (2)
Found Windows 10 SDK version 10.0.22621.0 at C:\Program Files (x86)\Windows Kits\10
Found Universal CRT version 10.0.22621.0 at C:\Program Files (x86)\Windows Kits\10
Win64 Installed SDK(s): MinVersion_Sdk=10.0.19041.0, MaxVersion_Sdk=10.9.99999.0, CurrentVersion_Sdk=10.0.22621.0, Version_AutoSdk=10.0.22621.0, CurrentVersion_AutoSdk=
        Registering build platform: Win64 - buildable: True
    Registering build platform: UnrealBuildTool.VisionOSPlatformFactory
Command line: "C:\Program Files\Epic Games\UE_5.8\Engine\Binaries\DotNET\UnrealBuildTool\UnrealBuildTool.dll" SoulEditor Win64 Development -Project=D:\RefinedBadger\Worktrees\Soul-titan-pilot-20261005\Soul.uproject -WaitMutex -NoHotReloadFromIDE -NoUBA -MaxParallelActions=2 -Log=D:\RefinedBadger\Worktrees\Soul-titan-pilot-20261005\Evidence\TitanPilot-20261005\BuildEditor.log
Executing up to 2 actions based on MaxProcessorCount override
Using 'git status' to determine working set for adaptive non-unity build (D:\RefinedBadger\Worktrees\Soul-titan-pilot-20261005).
UbaSessionServer - Disable remote execution (remote sessions will finish current processes)
Skipping C:\Program Files\Epic Games\UE_5.8\Engine\Intermediate\Build\BuildRules\UE5Rules.dll: File is installed
Skipping C:\Program Files\Epic Games\UE_5.8\Engine\Intermediate\Build\BuildRules\UE5ProgramRules.dll: File is installed
Building UnrealEditor - SoulEditor - Win64 - Development
Generated code is up to date.
Deleting outdated item: D:\RefinedBadger\Worktrees\Soul-titan-pilot-20261005\Intermediate\Build\Win64\x64\UnrealEditor\Development\Soul\UnrealEditor-Soul.lib
Deleting outdated item: D:\RefinedBadger\Worktrees\Soul-titan-pilot-20261005\Binaries\Win64\UnrealEditor-Soul.pdb
Deleting outdated item: D:\RefinedBadger\Worktrees\Soul-titan-pilot-20261005\Binaries\Win64\UnrealEditor-SoulEditor.pdb
Deleting outdated item: D:\RefinedBadger\Worktrees\Soul-titan-pilot-20261005\Intermediate\Build\Win64\x64\UnrealEditor\Development\SoulEditor\UnrealEditor-SoulEditor.lib
Building SoulEditor...
===== Toolchain Information =====
Using ISPC compiler (C:\Program Files\Epic Games\UE_5.8\Engine\Source\ThirdParty\Intel\ISPC\bin\Windows\ispc.exe)
  Intel(r) Implicit SPMD Program Compiler (Intel(r) ISPC), 1.24.0 (build commit  @ 20250404, LLVM 18.1.2) 
Using Visual Studio 14.44.35228 toolchain (C:\BuildTools\VC\Tools\MSVC\14.44.35207) and Windows 10.0.22621.0 SDK (C:\Program Files (x86)\Windows Kits\10).
[Adaptive Build] Excluded from Soul unity file: SoulTitanPilot.cpp
[Adaptive Build] Excluded from SoulEditor unity file: SoulTitanPilotBuildCommandlet.cpp
=================================
Using Unreal Build Accelerator local executor to run 7 action(s)
  CPU 4 physical cores, 8 logical cores
  Memory 15.96 GB physical, 18.91 GB/40.37 GB committed
  UBA Storage capacity 40 GB
  UBA RootDir C:\ProgramData\Epic\UnrealBuildAccelerator
Cache bucket 3219070584 used. Action: Compile [x64] SoulTitanPilot.cpp ()
Cache bucket 416513229 used. Action: Link [x64] UnrealEditor-Soul.lib ()
Cache bucket 4134325563 used. Action: Compile [x64] SoulTitanPilotBuildCommandlet.cpp ()
All processes queued
[1/7] Compile [x64] SoulTitanPilot.cpp [NoUba]
[2/7] Link [x64] UnrealEditor-Soul.lib [NoUba]
[3/7] Compile [x64] SoulTitanPilotBuildCommandlet.cpp [NoUba]
[4/7] Link [x64] UnrealEditor-Soul.dll [NoUba]
[5/7] Link [x64] UnrealEditor-SoulEditor.lib [NoUba]
[6/7] Link [x64] UnrealEditor-SoulEditor.dll [NoUba]
[7/7] WriteMetadata SoulEditor.target [NoUba]

Total time in Unreal Build Accelerator local executor: 11.07 seconds
Output binary: C:\Program Files\Epic Games\UE_5.8\Engine\Binaries\Win64\UnrealEditor.exe
WriteFileIfChanged() wrote 0 changed files of 1 requested writes.

Timeline:
[  0.000]  +0.661 Main
   0.020          [  0.020]  +0.135 Apply XmlConfig
   0.168          [  0.168]  +0.248 AddTelemetry
   0.445          [  0.445]  +0.216 RegisterPlatforms
[  0.680]  +0.034 ParseCommandLine
[  0.793]  +0.218 LoadMakefile
   0.856          [  0.062]  +1.313 EngineRulesPlugins
   0.856             0.062          [  0.000]  +0.205 <unknown>
   1.062             0.268          [  0.205]  +0.000 FindPlugins
   1.077             0.284          [  0.221]  +0.051 MakefileValid
   1.128             0.335          [  0.272]  +1.041 <unknown>
[  1.012]  +1.162 <unknown>
[  2.174]  +0.008 EngineRulesFetchDirs
[  2.191]  +0.016 EngineRulesAssembly
[  2.207]  +0.001 ProgramRulesAssembly
[  2.333]  +0.239 ProjectRulesAssembly
[  2.572]  +0.226 CreateTargetRules
[  2.875]  +0.013 CppDependencyCache
[  2.901]  +0.092 SoulEditor Win64 Development
[  2.995]  +0.049 UHTWait
   2.997          [  0.002]  +0.045 UHTManifest
   3.043          [  0.048]  +0.025 UHTTimestamps
[  3.085]  +0.009 CppDependencyCache
[  3.095]  +0.114 Preparing ActionGraph
   3.112          [  0.016]  +0.008 LinkActions
   3.119             0.024          [  0.007]  +0.000 DetectActionGraphCycles
   3.121          [  0.026]  +0.000 GatherPrerequisiteActions
   3.123          [  0.028]  +0.000 CppDependencyCacheWait
   3.124          [  0.029]  +0.053 GatherOutdatedActions
   3.181          [  0.086]  +0.012 LinkActions
   3.181             0.086          [  0.000]  +0.000 DetectActionGraphCycles
   3.194          [  0.099]  +0.012 DeleteOutdatedProducedItems
   3.206          [  0.111]  +0.001 SaveActionHistory
   3.209          [  0.114]  +0.000 CreateDirectoriesForProducedItems
[  3.227]  +0.100 GarbageCollect
[  3.328] +10.970 <unknown>
[ 14.298]  +0.000 Deploying targets
[ 14.300]  +0.000 DisconnectCache
[ 14.310]  +0.001 SaveCasTable
[ 14.315]  +0.068 Saving caches
[ 14.384]  +0.004 TelemetryService.FlushEvents
[ 14.390]

Result: Succeeded
Total execution time: 14.39 seconds
